// Jest Snapshot v1, https://goo.gl/fbAQLP

exports[`test on GifGridItem component must show a render component 1`] = `
<div
  className="card animate__animated animate__rubberBand"
>
  <img
    alt="test title"
    src="https://localhost/somenthing.jpg"
  />
  <p>
    test title
  </p>
</div>
`;
